// Vitest Snapshot v1

exports[`markdown-renderer > should render gfm > markdown-renderer-gfm 1`] = `
"<h1>GFM</h1>
<h2>Autolink literals</h2>
<p><a href=\\"http://www.example.com\\">www.example.com</a>, <a href=\\"https://example.com\\">https://example.com</a>, and <a href=\\"mailto:contact@example.com\\">contact@example.com</a>.</p>
<h2>Footnote</h2>
<p>A note<sup><a href=\\"#user-content-fn-1\\" id=\\"user-content-fnref-1\\" data-footnote-ref aria-describedby=\\"footnote-label\\">1</a></sup></p>
<h2>Strikethrough</h2>
<p><del>one</del> or <del>two</del> tildes.</p>
<h2>Table</h2>
<table>
<thead>
<tr>
<th>a</th>
<th align=\\"left\\">b</th>
<th align=\\"right\\">c</th>
<th align=\\"center\\">d</th>
</tr>
</thead>
</table>
<h2>Tasklist</h2>
<ul class=\\"contains-task-list\\">
<li class=\\"task-list-item\\"><input type=\\"checkbox\\" disabled> to do</li>
<li class=\\"task-list-item\\"><input type=\\"checkbox\\" checked disabled> done</li>
</ul>
<section data-footnotes class=\\"footnotes\\"><h2 id=\\"footnote-label\\" class=\\"sr-only\\">Footnotes</h2>
<ol>
<li id=\\"user-content-fn-1\\">
<p>Big note. <a href=\\"#user-content-fnref-1\\" data-footnote-backref class=\\"data-footnote-backref\\" aria-label=\\"Back to content\\">â†©</a></p>
</li>
</ol>
</section>"
`;

exports[`markdown-renderer > should render github > markdown-renderer-github 1`] = `
"<p>Some references:</p>
<ul>
<li>Commit: <a href=\\"https://github.com/dolan-x/dolan-lib/commit/f8083175fe890cbf14f41d0a06e7aa35d4989587\\"><code>f808317</code></a></li>
<li>Commit (fork): <a href=\\"https://github.com/foo/dolan-lib/commit/f8083175fe890cbf14f41d0a06e7aa35d4989587\\">foo@<code>f808317</code></a></li>
<li>Commit (repo): <a href=\\"https://github.com/remarkjs/remark/commit/e1aa9f6c02de18b9459b7d269712bcb50183ce89\\">remarkjs/remark@<code>e1aa9f6</code></a></li>
<li>Issue or PR (<code>#</code>): <a href=\\"https://github.com/dolan-x/dolan-lib/issues/1\\">#1</a></li>
<li>Issue or PR (<code>GH-</code>): <a href=\\"https://github.com/dolan-x/dolan-lib/issues/1\\">GH-1</a></li>
<li>Issue or PR (fork): <a href=\\"https://github.com/foo/dolan-lib/issues/1\\">foo#1</a></li>
<li>Issue or PR (project): <a href=\\"https://github.com/remarkjs/remark/issues/1\\">remarkjs/remark#1</a></li>
<li>Mention: <a href=\\"https://github.com/wooorm\\"><strong>@wooorm</strong></a></li>
</ul>
<p>Some links:</p>
<ul>
<li>Commit: <a href=\\"https://github.com/remarkjs/remark/commit/e1aa9f6c02de18b9459b7d269712bcb50183ce89\\">remarkjs/remark@<code>e1aa9f6</code></a></li>
<li>Commit comment: <a href=\\"https://github.com/remarkjs/remark/commit/ac63bc3abacf14cf08ca5e2d8f1f8e88a7b9015c#commitcomment-16372693\\">remarkjs/remark@<code>ac63bc3</code> (comment)</a></li>
<li>Issue or PR: <a href=\\"https://github.com/remarkjs/remark/issues/182\\">remarkjs/remark#182</a></li>
<li>Issue or PR comment: <a href=\\"https://github.com/remarkjs/remark-github/issues/3#issue-151160339\\">remarkjs/remark-github#3 (comment)</a></li>
<li>Mention: <a href=\\"https://github.com/ben-eb\\">https://github.com/ben-eb</a></li>
</ul>"
`;
